=== screen world S: 700 jobs, 6 workers ===
  400/700 (60s)
MyoSuite:> Registering Myo Envs
MyoSuite:> Registering Myo Envs
MyoSuite:> Registering Myo Envs
MyoSuite:> Registering Myo Envs
MyoSuite:> Registering Myo Envs
MyoSuite:> Registering Myo Envs
=== world S F episodes: 300 jobs, 6 workers ===
MyoSuite:> Registering Myo Envs
MyoSuite:> Registering Myo Envs
MyoSuite:> Registering Myo Envs
MyoSuite:> Registering Myo Envs
MyoSuite:> Registering Myo Envs
MyoSuite:> Registering Myo Envs
=== world S L/M picks: 130 jobs, 6 workers ===
MyoSuite:> Registering Myo Envs
MyoSuite:> Registering Myo Envs
MyoSuite:> Registering Myo Envs
MyoSuite:> Registering Myo Envs
MyoSuite:> Registering Myo Envs
MyoSuite:> Registering Myo Envs
=== screen world V: 700 jobs, 6 workers ===
  400/700 (80s)
MyoSuite:> Registering Myo Envs
MyoSuite:> Registering Myo Envs
MyoSuite:> Registering Myo Envs
MyoSuite:> Registering Myo Envs
MyoSuite:> Registering Myo Envs
MyoSuite:> Registering Myo Envs
=== world V F episodes: 300 jobs, 6 workers ===
MyoSuite:> Registering Myo Envs
MyoSuite:> Registering Myo Envs
MyoSuite:> Registering Myo Envs
MyoSuite:> Registering Myo Envs
MyoSuite:> Registering Myo Envs
MyoSuite:> Registering Myo Envs
=== world V L/M picks: 126 jobs, 6 workers ===
MyoSuite:> Registering Myo Envs
MyoSuite:> Registering Myo Envs
MyoSuite:> Registering Myo Envs
MyoSuite:> Registering Myo Envs
MyoSuite:> Registering Myo Envs
MyoSuite:> Registering Myo Envs
